
> react-kavia@0.1.0 start
> cross-env EDIT_MODE=true webpack serve --config .ve/webpack.config.js --mode development

<i> [webpack-dev-server] Project is running at:
<i> [webpack-dev-server] Loopback: http://localhost:3000/, http://[::1]:3000/
<i> [webpack-dev-server] On Your Network (IPv4): http://172.17.0.2:3000/
<i> [webpack-dev-server] Content not from webpack is served from './public' directory
Injecting EditorRootWrapper import: ../.ve/EditorRootWrapper
asset bundle.js 1.41 MiB [emitted] (name: main)
asset index.html 1.92 KiB [emitted]
runtime modules 27.5 KiB 14 modules
modules by path ./node_modules/ 1.24 MiB 31 modules
modules by path ./src/ 19.1 KiB
  modules by path ./src/*.css 14.1 KiB 6 modules
  modules by path ./src/*.js 903 bytes
    ./src/index.js 530 bytes [built] [code generated]
    ./src/App.js 373 bytes [built] [code generated]
  ./src/MainContainer.jsx 4.15 KiB [built] [code generated]
modules by path ./.ve/ 15.1 KiB
  modules by path ./.ve/*.js 10.6 KiB 2 modules
  modules by path ./.ve/*.css 2.93 KiB
    ./.ve/EditorOverlay.css 2.25 KiB [built] [code generated]
    ./node_modules/css-loader/dist/cjs.js!./.ve/EditorOverlay.css 697 bytes [built] [code generated]
  ./.ve/EditorOverlay.jsx 1.58 KiB [built] [code generated]
webpack 5.99.9 compiled successfully in 1626 ms
assets by status 1.92 KiB [cached] 1 asset
assets by path *.js 1.42 MiB
  asset bundle.js 1.41 MiB [emitted] (name: main)
  asset main.69ef23a4eab15e882ea1.hot-update.js 9.11 KiB [emitted] [immutable] [hmr] (name: main)
asset main.69ef23a4eab15e882ea1.hot-update.json 28 bytes [emitted] [immutable] [hmr]
Entrypoint main 1.42 MiB = bundle.js 1.41 MiB main.69ef23a4eab15e882ea1.hot-update.js 9.11 KiB
cached modules 1.27 MiB [cached] 44 modules
runtime modules 27.5 KiB 14 modules
./src/MainContainer.jsx 5.56 KiB [built] [code generated]
webpack 5.99.9 compiled successfully in 99 ms
assets by status 1.92 KiB [cached] 1 asset
assets by path *.js 1.42 MiB
  asset bundle.js 1.41 MiB [emitted] (name: main)
  asset main.a6751742b16e2341d2f4.hot-update.js 7.31 KiB [emitted] [immutable] [hmr] (name: main)
asset main.a6751742b16e2341d2f4.hot-update.json 28 bytes [emitted] [immutable] [hmr]
Entrypoint main 1.42 MiB = bundle.js 1.41 MiB main.a6751742b16e2341d2f4.hot-update.js 7.31 KiB
cached modules 1.27 MiB [cached] 44 modules
runtime modules 27.5 KiB 14 modules
./node_modules/css-loader/dist/cjs.js!./src/MainContainer.css 4.68 KiB [built] [code generated]
webpack 5.99.9 compiled successfully in 52 ms
assets by status 1.92 KiB [cached] 1 asset
assets by path *.js 1.42 MiB
  asset bundle.js 1.41 MiB [emitted] (name: main)
  asset main.479027bf3aab5c03a793.hot-update.js 7.52 KiB [emitted] [immutable] [hmr] (name: main)
asset main.479027bf3aab5c03a793.hot-update.json 28 bytes [emitted] [immutable] [hmr]
Entrypoint main 1.42 MiB = bundle.js 1.41 MiB main.479027bf3aab5c03a793.hot-update.js 7.52 KiB
cached modules 1.27 MiB [cached] 44 modules
runtime modules 27.5 KiB 14 modules
./node_modules/css-loader/dist/cjs.js!./src/MainContainer.css 4.88 KiB [built] [code generated]
webpack 5.99.9 compiled successfully in 40 ms
assets by status 1.92 KiB [cached] 1 asset
assets by path *.js 1.42 MiB
  asset bundle.js 1.41 MiB [emitted] (name: main)
  asset main.fcdba6836b6412c5d6d9.hot-update.js 8.24 KiB [emitted] [immutable] [hmr] (name: main)
asset main.fcdba6836b6412c5d6d9.hot-update.json 28 bytes [emitted] [immutable] [hmr]
Entrypoint main 1.42 MiB = bundle.js 1.41 MiB main.fcdba6836b6412c5d6d9.hot-update.js 8.24 KiB
cached modules 1.27 MiB [cached] 44 modules
runtime modules 27.5 KiB 14 modules
./node_modules/css-loader/dist/cjs.js!./src/MainContainer.css 5.57 KiB [built] [code generated]
webpack 5.99.9 compiled successfully in 42 ms
assets by status 1.92 KiB [cached] 1 asset
assets by path *.js 1.42 MiB
  asset bundle.js 1.41 MiB [emitted] (name: main)
  asset main.c7547f643f9446ef9ab6.hot-update.js 9.1 KiB [emitted] [immutable] [hmr] (name: main)
asset main.c7547f643f9446ef9ab6.hot-update.json 28 bytes [emitted] [immutable] [hmr]
Entrypoint main 1.42 MiB = bundle.js 1.41 MiB main.c7547f643f9446ef9ab6.hot-update.js 9.1 KiB
cached modules 1.27 MiB [cached] 44 modules
runtime modules 27.5 KiB 14 modules
./node_modules/css-loader/dist/cjs.js!./src/MainContainer.css 6.4 KiB [built] [code generated]
webpack 5.99.9 compiled successfully in 39 ms
assets by status 1.92 KiB [cached] 1 asset
assets by path *.js 1.42 MiB
  asset bundle.js 1.41 MiB [emitted] (name: main)
  asset main.ed6b70d7e5d30dba7507.hot-update.js 9.2 KiB [emitted] [immutable] [hmr] (name: main)
asset main.ed6b70d7e5d30dba7507.hot-update.json 28 bytes [emitted] [immutable] [hmr]
Entrypoint main 1.42 MiB = bundle.js 1.41 MiB main.ed6b70d7e5d30dba7507.hot-update.js 9.2 KiB
cached modules 1.27 MiB [cached] 44 modules
runtime modules 27.5 KiB 14 modules
./node_modules/css-loader/dist/cjs.js!./src/MainContainer.css 6.5 KiB [built] [code generated]
webpack 5.99.9 compiled successfully in 35 ms
